
                             _RF:RF1 PI: TOOL-
                  X               1 N: 92     

                0.                 0.         
              125.001E-06       -503.439      
              250.E-06          -799.749      
              375.001E-06         -1.07999E+03
              500.E-06            -1.15154E+03
              625.E-06            -1.30178E+03
              750.001E-06         -1.27888E+03
              875.E-06            -1.29351E+03
                1.E-03            -1.01263E+03
                1.125E-03       -954.98       
                1.25E-03          -1.25227E+03
                1.375E-03         -1.20763E+03
                1.5E-03           -1.23841E+03
                1.625E-03         -1.35054E+03
                1.75E-03          -1.26564E+03
                1.875E-03         -1.26357E+03
                2.E-03            -1.49509E+03
                2.125E-03         -1.05747E+03
                2.25E-03          -1.38197E+03
                2.375E-03         -1.33597E+03
                2.5E-03           -1.09396E+03




